{
  "description": "",
  "displayName": "ComponentSpreadsNested",
  "methods": [],
  "props": {
    "api-1-node-required": {
      "type": {
        "name": "node"
      },
      "required": true,
      "description": "Comment for api-1-node-required."
    },
    "api-1-bool": {
      "type": {
        "name": "bool"
      },
      "required": false,
      "description": "Comment for api-1-bool.",
      "defaultValue": {
        "computed": false,
        "value": false
      }
    },
    "api-2-node-required": {
      "type": {
        "name": "node"
      },
      "required": true,
      "description": "Comment for api-2-node-required."
    },
    "api-2-string": {
      "type": {
        "name": "string"
      },
      "required": false,
      "description": "Comment for api-2-string.",
      "defaultValue": {
        "computed": false,
        "value": "api-2-string-value"
      }
    },
    "api-2-node-required": {
      "type": {
        "name": "node"
      },
      "required": true,
      "description": "Comment for api-2-node-required."
    },
    "local-number": {
      "type": {
        "name": "number"
      },
      "required": false,
      "description": "",
      "defaultValue": {
        "value": "4242",
        "computed": false
      }
    }
  },
  "composes": ["./api-1", "./api-2"]
}
