{
  "description": "",
  "displayName": "ComponentLiteral",
  "methods": [],
  "props": {
    "api-1-node-required": {
      "type": {
        "name": "node"
      },
      "required": true,
      "description": "Comment for api-1-node-required."
    },
    "api-1-bool": {
      "type": {
        "name": "bool"
      },
      "required": false,
      "description": "Comment for api-1-bool."
    }
  },
  "composes": ["./api-1"]
}
