{
  "description": "",
  "displayName": "ComponentSpreads",
  "methods": [],
  "props": {
    "api-1-node-required": {
      "type": {
        "name": "node"
      },
      "required": true,
      "description": "Comment for api-1-node-required."
    },
    "api-1-bool": {
      "type": {
        "name": "bool"
      },
      "required": false,
      "description": "Comment for api-1-bool."
    },
    "api-2-node-required": {
      "type": {
        "name": "node"
      },
      "required": true,
      "description": "Comment for api-2-node-required."
    },
    "api-2-string": {
      "type": {
        "name": "string"
      },
      "required": false,
      "description": "Comment for api-2-string."
    },
    "local-string": {
      "type": {
        "name": "string"
      },
      "required": false,
      "description": "",
      "defaultValue": {
        "value": "'default-local-string'",
        "computed": false
      }
    }
  },
  "composes": ["./api-1", "./api-2"]
}
